// Jest Snapshot v1, https://goo.gl/fbAQLP

exports[`<NotFound /> renders correctly 1`] = `
<DocumentFragment>
  <div
    class="h-screen flex justify-center items-center text-center p-3"
    data-testid="centered-container"
  >
    <h1
      class="title"
    >
      Page Not Found
    </h1>
  </div>
</DocumentFragment>
`;
